
> ward-manager@0.1.0 build
> next build

ظû▓ Next.js 16.2.2 (Turbopack)
- Environments: .env.local

node.exe : ظأب The 
"middleware" file 
convention is deprecated. 
Please use "proxy" 
instead. Learn more: https
://nextjs.org/docs/message
s/middleware-to-proxy
At line:1 char:1
+ & "C:\Program 
Files\nodejs/node.exe" 
"C:\Program 
Files\nodejs/node_mo ...
+ ~~~~~~~~~~~~~~~~~~~~~~~~
~~~~~~~~~~~~~~~~~~~~~~~~~~
~~~~~~~~~~~~~~~~~~~
    + CategoryInfo        
      : NotSpecified: (ظ  
  أب The "middle...lewa   
 re-to-proxy:String) [    
], RemoteException
    + FullyQualifiedError 
   Id : NativeCommandErr  
  or
 
  Creating an optimized production build ...
ظذ» ERROR: This build is 
using Turbopack, with a 
`webpack` config and no 
`turbopack` config.
   This may be a mistake.

   As of Next.js 16 
Turbopack is enabled by 
default and
   custom webpack 
configurations may need 
to be migrated to 
Turbopack.

   NOTE: your `webpack` 
config may have been 
added by a configuration 
plugin.

   To configure 
Turbopack, see https://nex
tjs.org/docs/app/api-refer
ence/next-config-js/turbop
ack

   TIP: Many applications 
work fine under Turbopack 
with no configuration,
   if that is the case 
for you, you can silence 
this error by passing the
   `--turbopack` or 
`--webpack` flag 
explicitly or simply 
setting an 
   empty turbopack config 
in your Next config file 
(e.g. `turbopack: {}`).

> Build error occurred
Error: Call retries were 
exceeded
    at ignore-listed 
frames {
  type: 'WorkerError'
}
