src/components/pharmacy/PharmacyDashboard.tsx(47,14): error TS2339: Property 'quantity' does not exist on type 'never'.
src/components/pharmacy/PharmacyDashboard.tsx(48,14): error TS2339: Property 'min_stock_level' does not exist on type 'never'.
src/components/pharmacy/PharmacyDashboard.tsx(49,14): error TS2339: Property 'quantity' does not exist on type 'never'.
src/components/pharmacy/PharmacyDashboard.tsx(49,31): error TS2339: Property 'min_stock_level' does not exist on type 'never'.
src/components/pharmacy/PharmacyDashboard.tsx(53,19): error TS2339: Property 'expiration_date' does not exist on type 'never'.
src/components/pharmacy/PharmacyDashboard.tsx(54,39): error TS2339: Property 'expiration_date' does not exist on type 'never'.
src/components/pharmacy/PharmacyInventory.tsx(89,16): error TS2339: Property 'quantity' does not exist on type 'never'.
src/components/pharmacy/PharmacyInventory.tsx(90,16): error TS2339: Property 'min_stock_level' does not exist on type 'never'.
src/components/pharmacy/PharmacyInventory.tsx(91,16): error TS2339: Property 'quantity' does not exist on type 'never'.
src/components/pharmacy/PharmacyInventory.tsx(91,33): error TS2339: Property 'min_stock_level' does not exist on type 'never'.
src/components/pharmacy/PharmacyInventory.tsx(98,21): error TS2339: Property 'expiration_date' does not exist on type 'never'.
src/components/pharmacy/PharmacyInventory.tsx(99,37): error TS2339: Property 'expiration_date' does not exist on type 'never'.
src/components/pharmacy/PharmacyInventory.tsx(104,47): error TS2339: Property 'category' does not exist on type 'never'.
src/components/pharmacy/PharmacyInventory.tsx(107,48): error TS2339: Property 'department' does not exist on type 'never'.
src/components/pharmacy/PharmacyInventory.tsx(187,17): error TS2345: Argument of type '{ quantity: number; min_stock_level: number; price: number; expiration_date: string | null; pharmacist_name: string; scientific_name: string; generic_name: string; dosage: string; formulation: string; ... 4 more ...; category: string; }' is not assignable to parameter of type 'never'.
src/components/pharmacy/PharmacyInventory.tsx(193,17): error TS2769: No overload matches this call.
  Overload 1 of 2, '(values: never, options?: { count?: "exact" | "planned" | "estimated" | undefined; } | undefined): PostgrestFilterBuilder<{ PostgrestVersion: "12"; }, never, never, null, "pharmacy_inventory", never, "POST">', gave the following error.
    Argument of type '{ quantity: number; min_stock_level: number; price: number; expiration_date: string | null; pharmacist_name: string; scientific_name: string; generic_name: string; dosage: string; formulation: string; ... 4 more ...; category: string; }' is not assignable to parameter of type 'never'.
  Overload 2 of 2, '(values: never[], options?: { count?: "exact" | "planned" | "estimated" | undefined; defaultToNull?: boolean | undefined; } | undefined): PostgrestFilterBuilder<{ PostgrestVersion: "12"; }, never, never, null, "pharmacy_inventory", never, "POST">', gave the following error.
    Argument of type '{ quantity: number; min_stock_level: number; price: number; expiration_date: string | null; pharmacist_name: string; scientific_name: string; generic_name: string; dosage: string; formulation: string; ... 4 more ...; category: string; }' is not assignable to parameter of type 'never[]'.
      Type '{ quantity: number; min_stock_level: number; price: number; expiration_date: string | null; pharmacist_name: string; scientific_name: string; generic_name: string; dosage: string; formulation: string; ... 4 more ...; category: string; }' is missing the following properties from type 'never[]': length, pop, push, concat, and 35 more.
src/components/pwa/offline-indicator.tsx(3,30): error TS2307: Cannot find module '@/lib/powersync/PowerSyncProvider' or its corresponding type declarations.
src/lib/pharmacy-export-utils.ts(186,5): error TS2353: Object literal may only specify known properties, and 'backgroundColor' does not exist in type 'ITableCellOptions'.
