src/app/patient/[id]/page.tsx(89,16): error TS2552: Cannot find name 'Cross'. Did you mean 'CSS'?
src/components/dashboard/ward-header.tsx(33,19): error TS2339: Property 'ward_name' does not exist on type 'never'.
src/components/dashboard/ward-header.tsx(34,28): error TS2339: Property 'ward_name' does not exist on type 'never'.
src/components/dashboard/ward-header.tsx(69,10): error TS2769: No overload matches this call.
  Overload 1 of 2, '(values: never, options?: { onConflict?: string | undefined; ignoreDuplicates?: boolean | undefined; count?: "exact" | "planned" | "estimated" | undefined; } | undefined): PostgrestFilterBuilder<{ ...; }, ... 5 more ..., "POST">', gave the following error.
    Argument of type '{ user_id: string; ward_name: string; }' is not assignable to parameter of type 'never'.
  Overload 2 of 2, '(values: never[], options?: { onConflict?: string | undefined; ignoreDuplicates?: boolean | undefined; count?: "exact" | "planned" | "estimated" | undefined; defaultToNull?: boolean | undefined; } | undefined): PostgrestFilterBuilder<...>', gave the following error.
    Object literal may only specify known properties, and 'user_id' does not exist in type 'never[]'.
src/components/patient/declare-death-modal.tsx(45,17): error TS2345: Argument of type '{ category: string; date_of_death: string; cause_of_death: string | null; }' is not assignable to parameter of type 'never'.
src/components/patient/declare-death-modal.tsx(67,22): error TS2322: Type '{ children: Element; asChild: true; }' is not assignable to type 'IntrinsicAttributes & Props<unknown>'.
  Property 'asChild' does not exist on type 'IntrinsicAttributes & Props<unknown>'.
src/components/patient/edit-patient-modal.tsx(144,22): error TS2322: Type '{ children: Element; asChild: true; }' is not assignable to type 'IntrinsicAttributes & Props<unknown>'.
  Property 'asChild' does not exist on type 'IntrinsicAttributes & Props<unknown>'.
